4. $ git init
Initialized empty Git repository in M:/SI_2023_lab1_213191/.git/

5. $ git remote add origin https://github.com/Markofx/SI_2023_lab1_213191.git

6. $ git add .
   $ git commit -m "Initial commit"

7. $ git add SILab1.java
   $ git commit -m "Add java class"

8. $ git push origin master

9. $ git branch bug1
   $ git branch bug2
   $ git branch bug3

10. $ git checkout bug1

11. $ git status
On branch bug1
Changes not staged for commit:
  (use "git add <file>..." to update what will be committed)
  (use "git restore <file>..." to discard changes in working directory)
        modified:   SILab1.java

    $ git add SILab1.java
    $ git commit -m"Fix wrong loop for reading"
    $ git push origin bug1

12. $ git checkout bug2

13. $ git status
	modified:   SILab1.java
    $ git add SILab1.java
    $ git commit -m "Fix wrong condition in filterOddNumbers"
    $ git push origin bug2


14. $ git checkout bug3

15. $ git status
	modified:   SILab1.java
    $ git add SILab1.java
    $ git commit -m "Fix wrong condition in sumEvenNumbers"
    $ git push origin bug3

16. $ git push --all

17. $ git checkout master

18. $ git merge bug1

19. $ git push --all

20. $ git merge bug2

21. $ git push --all

22. $ git checkout bug3

23. $ git rebase master

24. $ git checkout master

25. $ git merge bug3

26. $ git push --force --all

27. $ git add 213191.txt logs.txt
    $ git commit -m "Final commit"

28. $ git push --all




